==============================================================================
Elastic Security Advisories - GitHub repository file collection test
Exercises the Git Trees + Git Blobs flow proposed for the CEL integration.
==============================================================================
  Base URL:        https://api.github.com
  Repository:      elastic/integrations
  Directory:       packages/security_detection_engine/kibana/security_rule
  Ref:             main
  Token:           ************MFaA (390 chars)
  File pattern:    <all files>
  Max files:       400
  Timeout:         60s
  Proxy:           <none>

[1] Preflight: verifying repository access
    OK (0.29s) - private=False, default_branch=main

[2] Checking rate-limit budget
    OK - core: 5000/5000 remaining

[3] Enumerating 'packages/security_detection_engine/kibana/security_rule' at ref 'main' (Git Trees API)
    OK (0.44s) - 5733 tree entries, 5733 blobs, 5733 matched the file pattern
    ETag: "9e640e905ac83fc3ba33e9a463f766464ae592d73bcac8dec84bdf12b2039a93"

[4] Revalidating the listing with If-None-Match (expect HTTP 304)
    OK (0.34s) - HTTP 304, listing unchanged
    x-ratelimit-used: 581 on the 200 -> 581 on the 304  (conditional request was free)

[5] Fetching file contents (Git Blobs API), 400 of 5733 matched files
    [1/400] 000047bb-b27a-47ec-8b62-ef1a5d2c9e19_415.json -> OK (0.23s, 6143 bytes, format=json)
    [2/400] 000047bb-b27a-47ec-8b62-ef1a5d2c9e19_416.json -> OK (0.21s, 6164 bytes, format=json)
    [3/400] 000047bb-b27a-47ec-8b62-ef1a5d2c9e19_417.json -> OK (0.21s, 6776 bytes, format=json)
    [4/400] 00140285-b827-4aee-aa09-8113f58a08f3_321.json -> OK (0.25s, 19599 bytes, format=json)
    [5/400] 00140285-b827-4aee-aa09-8113f58a08f3_322.json -> OK (0.29s, 19588 bytes, format=json)
    [6/400] 00140285-b827-4aee-aa09-8113f58a08f3_323.json -> OK (0.30s, 19659 bytes, format=json)
    [7/400] 0022d47d-39c7-4f69-a232-4fe9dc7a3acd_420.json -> OK (0.21s, 10121 bytes, format=json)
    [8/400] 0022d47d-39c7-4f69-a232-4fe9dc7a3acd_421.json -> OK (0.24s, 10112 bytes, format=json)
    [9/400] 0022d47d-39c7-4f69-a232-4fe9dc7a3acd_422.json -> OK (0.23s, 10943 bytes, format=json)
    [10/400] 0030f681-0142-4231-b728-49bb9fc12066_1.json -> OK (0.19s, 4604 bytes, format=json)
    [11/400] 0049cf71-fe13-4d79-b767-f7519921ffb5_6.json -> OK (0.23s, 10991 bytes, format=json)
    [12/400] 0049cf71-fe13-4d79-b767-f7519921ffb5_7.json -> OK (0.23s, 12842 bytes, format=json)
    [13/400] 0049cf71-fe13-4d79-b767-f7519921ffb5_8.json -> OK (0.24s, 12900 bytes, format=json)
    [14/400] 00546494-5bb0-49d6-9220-5f3b4c12f26a_6.json -> OK (0.24s, 12996 bytes, format=json)
    [15/400] 00546494-5bb0-49d6-9220-5f3b4c12f26a_7.json -> OK (0.26s, 13022 bytes, format=json)
    [16/400] 00546494-5bb0-49d6-9220-5f3b4c12f26a_8.json -> OK (0.21s, 532 bytes, format=json)
    [17/400] 00678712-b2df-11ed-afe9-f661ea17fbcc_10.json -> OK (0.21s, 9799 bytes, format=json)
    [18/400] 00678712-b2df-11ed-afe9-f661ea17fbcc_8.json -> OK (0.26s, 9348 bytes, format=json)
    [19/400] 00678712-b2df-11ed-afe9-f661ea17fbcc_9.json -> OK (0.22s, 9795 bytes, format=json)
    [20/400] 00c2a946-bbe8-4345-941d-9ea13da91600_2.json -> OK (0.23s, 6827 bytes, format=json)
    [21/400] 012bfca7-45cb-4507-a3ba-3777167f8b81_1.json -> OK (0.23s, 6770 bytes, format=json)
    [22/400] 0136b315-b566-482f-866c-1d8e2477ba16_212.json -> OK (0.19s, 7050 bytes, format=json)
    [23/400] 0136b315-b566-482f-866c-1d8e2477ba16_213.json -> OK (0.23s, 7071 bytes, format=json)
    [24/400] 0136b315-b566-482f-866c-1d8e2477ba16_214.json -> OK (0.22s, 7039 bytes, format=json)
    [25/400] 015cca13-8832-49ac-a01b-a396114809f6_211.json -> OK (0.23s, 505 bytes, format=json)
    [26/400] 0171f283-ade7-4f87-9521-ac346c68cc9b_13.json -> OK (0.21s, 9784 bytes, format=json)
    [27/400] 0171f283-ade7-4f87-9521-ac346c68cc9b_14.json -> OK (0.22s, 9792 bytes, format=json)
    [28/400] 0171f283-ade7-4f87-9521-ac346c68cc9b_15.json -> OK (0.17s, 9080 bytes, format=json)
    [29/400] 017de1e4-ea35-11ee-a417-f661ea17fbce_4.json -> OK (0.21s, 10841 bytes, format=json)
    [30/400] 017de1e4-ea35-11ee-a417-f661ea17fbce_5.json -> OK (0.19s, 10841 bytes, format=json)
    [31/400] 017de1e4-ea35-11ee-a417-f661ea17fbce_6.json -> OK (0.22s, 10826 bytes, format=json)
    [32/400] 01c1e353-9d86-4344-abdf-523ab80c6f08_1.json -> OK (0.25s, 13361 bytes, format=json)
    [33/400] 01c49712-25bc-49d2-a27d-d7ce52f5dc49_207.json -> OK (0.19s, 2728 bytes, format=json)
    [34/400] 01c49712-25bc-49d2-a27d-d7ce52f5dc49_208.json -> OK (0.19s, 3622 bytes, format=json)
    [35/400] 01c49712-25bc-49d2-a27d-d7ce52f5dc49_209.json -> OK (0.23s, 3657 bytes, format=json)
    [36/400] 01e244f0-fef9-4102-903f-9788052b2c91_1.json -> OK (0.23s, 8675 bytes, format=json)
    [37/400] 02137bc2-5cc2-4f7f-a8e4-c52dc239aa69_1.json -> OK (0.19s, 9136 bytes, format=json)
    [38/400] 02137bc2-5cc2-4f7f-a8e4-c52dc239aa69_2.json -> OK (0.23s, 8810 bytes, format=json)
    [39/400] 02275e05-57a1-46ab-a443-7fb444da6b28_2.json -> OK (0.23s, 13380 bytes, format=json)
    [40/400] 02275e05-57a1-46ab-a443-7fb444da6b28_3.json -> OK (0.23s, 14280 bytes, format=json)
    [41/400] 02275e05-57a1-46ab-a443-7fb444da6b28_4.json -> OK (0.24s, 14303 bytes, format=json)
    [42/400] 022c37cd-5a4f-422b-8227-b136b7a23180_2.json -> OK (0.18s, 8577 bytes, format=json)
    [43/400] 022c37cd-5a4f-422b-8227-b136b7a23180_3.json -> OK (0.19s, 8598 bytes, format=json)
    [44/400] 022c37cd-5a4f-422b-8227-b136b7a23180_4.json -> OK (0.20s, 8622 bytes, format=json)
    [45/400] 027ff9ea-85e7-42e3-99d2-bbb7069e02eb_209.json -> OK (0.24s, 8415 bytes, format=json)
    [46/400] 027ff9ea-85e7-42e3-99d2-bbb7069e02eb_210.json -> OK (0.23s, 8416 bytes, format=json)
    [47/400] 027ff9ea-85e7-42e3-99d2-bbb7069e02eb_211.json -> OK (0.25s, 8418 bytes, format=json)
    [48/400] 0294f105-d7af-4a02-ae90-35f56763ffa2_207.json -> OK (0.20s, 2759 bytes, format=json)
    [49/400] 0294f105-d7af-4a02-ae90-35f56763ffa2_208.json -> OK (0.22s, 4528 bytes, format=json)
    [50/400] 0294f105-d7af-4a02-ae90-35f56763ffa2_209.json -> OK (0.21s, 4601 bytes, format=json)
    [51/400] 02a23ee7-c8f8-4701-b99d-e9038ce313cb_10.json -> OK (0.23s, 12895 bytes, format=json)
    [52/400] 02a23ee7-c8f8-4701-b99d-e9038ce313cb_11.json -> OK (0.24s, 12831 bytes, format=json)
    [53/400] 02a23ee7-c8f8-4701-b99d-e9038ce313cb_12.json -> OK (0.28s, 17297 bytes, format=json)
    [54/400] 02a4576a-7480-4284-9327-548a806b5e48_310.json -> OK (0.22s, 7853 bytes, format=json)
    [55/400] 02a4576a-7480-4284-9327-548a806b5e48_311.json -> OK (0.19s, 7853 bytes, format=json)
    [56/400] 02a4576a-7480-4284-9327-548a806b5e48_312.json -> OK (0.20s, 7503 bytes, format=json)
    [57/400] 02b4420d-eda2-4529-9e46-4a60eccb7e2d_105.json -> OK (0.22s, 8305 bytes, format=json)
    [58/400] 02b4420d-eda2-4529-9e46-4a60eccb7e2d_106.json -> OK (0.17s, 8342 bytes, format=json)
    [59/400] 02b4420d-eda2-4529-9e46-4a60eccb7e2d_107.json -> OK (0.21s, 8375 bytes, format=json)
    [60/400] 02bab13d-fb14-4d7c-b6fe-4a28874d37c5_10.json -> OK (0.20s, 14482 bytes, format=json)
    [61/400] 02bab13d-fb14-4d7c-b6fe-4a28874d37c5_7.json -> OK (0.24s, 8050 bytes, format=json)
    [62/400] 02bab13d-fb14-4d7c-b6fe-4a28874d37c5_8.json -> OK (0.24s, 15479 bytes, format=json)
    [63/400] 02ea4563-ec10-4974-b7de-12e65aa4f9b3_110.json -> OK (0.18s, 8875 bytes, format=json)
    [64/400] 02ea4563-ec10-4974-b7de-12e65aa4f9b3_111.json -> OK (0.19s, 9220 bytes, format=json)
    [65/400] 02ea4563-ec10-4974-b7de-12e65aa4f9b3_112.json -> OK (0.42s, 9500 bytes, format=json)
    [66/400] 03024bd9-d23f-4ec1-8674-3cf1a21e130b_212.json -> OK (0.18s, 7728 bytes, format=json)
    [67/400] 03024bd9-d23f-4ec1-8674-3cf1a21e130b_213.json -> OK (0.18s, 7749 bytes, format=json)
    [68/400] 03024bd9-d23f-4ec1-8674-3cf1a21e130b_214.json -> OK (0.18s, 7423 bytes, format=json)
    [69/400] 0302d3b2-1892-4448-a805-980aa4a36ba3_1.json -> OK (0.21s, 10111 bytes, format=json)
    [70/400] 03245b25-3849-4052-ab48-72de65a82c35_2.json -> OK (0.25s, 7063 bytes, format=json)
    [71/400] 03245b25-3849-4052-ab48-72de65a82c35_3.json -> OK (0.22s, 7084 bytes, format=json)
    [72/400] 03245b25-3849-4052-ab48-72de65a82c35_4.json -> OK (0.18s, 7148 bytes, format=json)
    [73/400] 035889c4-2686-4583-a7df-67f89c292f2c_217.json -> OK (0.19s, 7050 bytes, format=json)
    [74/400] 035889c4-2686-4583-a7df-67f89c292f2c_218.json -> OK (0.21s, 7688 bytes, format=json)
    [75/400] 035889c4-2686-4583-a7df-67f89c292f2c_219.json -> OK (0.18s, 7403 bytes, format=json)
    [76/400] 035a6f21-4092-471d-9cda-9e379f459b1e_6.json -> OK (0.21s, 5184 bytes, format=json)
    [77/400] 035a6f21-4092-471d-9cda-9e379f459b1e_7.json -> OK (0.18s, 5731 bytes, format=json)
    [78/400] 035a6f21-4092-471d-9cda-9e379f459b1e_8.json -> OK (0.24s, 5766 bytes, format=json)
    [79/400] 0369e8a6-0fa7-4e7a-961a-53180a4c966e_107.json -> OK (0.22s, 9923 bytes, format=json)
    [80/400] 0369e8a6-0fa7-4e7a-961a-53180a4c966e_108.json -> OK (0.19s, 11046 bytes, format=json)
    [81/400] 0369e8a6-0fa7-4e7a-961a-53180a4c966e_109.json -> OK (0.23s, 11073 bytes, format=json)
    [82/400] 0398c0a2-1237-478e-84c4-84510f1925e6_1.json -> OK (0.20s, 6091 bytes, format=json)
    [83/400] 0398c0a2-1237-478e-84c4-84510f1925e6_2.json -> OK (0.21s, 6136 bytes, format=json)
    [84/400] 03a514d9-500e-443e-b6a9-72718c548f6c_6.json -> OK (0.25s, 295 bytes, format=json)
    [85/400] 03b150d9-9280-4eb8-9906-38cfb6184666_1.json -> OK (0.19s, 6240 bytes, format=json)
    [86/400] 03b150d9-9280-4eb8-9906-38cfb6184666_2.json -> OK (0.21s, 7591 bytes, format=json)
    [87/400] 03c23d45-d3cb-4ad4-ab5d-b361ffe8724a_6.json -> OK (0.23s, 9812 bytes, format=json)
    [88/400] 03c23d45-d3cb-4ad4-ab5d-b361ffe8724a_7.json -> OK (0.21s, 10240 bytes, format=json)
    [89/400] 03c23d45-d3cb-4ad4-ab5d-b361ffe8724a_8.json -> OK (0.23s, 10469 bytes, format=json)
    [90/400] 03d856c2-7f74-4540-a530-e20af5e39789_2.json -> OK (0.25s, 12998 bytes, format=json)
    [91/400] 03d856c2-7f74-4540-a530-e20af5e39789_3.json -> OK (0.26s, 13335 bytes, format=json)
    [92/400] 03d856c2-7f74-4540-a530-e20af5e39789_4.json -> OK (0.21s, 13320 bytes, format=json)
    [93/400] 0415258b-a7b2-48a6-891a-3367cd9d4d31_6.json -> OK (0.18s, 7842 bytes, format=json)
    [94/400] 0415258b-a7b2-48a6-891a-3367cd9d4d31_7.json -> OK (0.26s, 8072 bytes, format=json)
    [95/400] 0415258b-a7b2-48a6-891a-3367cd9d4d31_8.json -> OK (0.27s, 8094 bytes, format=json)
    [96/400] 0415f22a-2336-45fa-ba07-618a5942e22c_113.json -> OK (0.23s, 15397 bytes, format=json)
    [97/400] 0415f22a-2336-45fa-ba07-618a5942e22c_114.json -> OK (0.24s, 15741 bytes, format=json)
    [98/400] 0415f22a-2336-45fa-ba07-618a5942e22c_115.json -> OK (0.23s, 15975 bytes, format=json)
    [99/400] 041d4d41-9589-43e2-ba13-5680af75ebc2_106.json -> OK (0.19s, 289 bytes, format=json)
    [100/400] 0428c618-27f5-4d94-99e6-b254585aba69_102.json -> OK (0.28s, 9749 bytes, format=json)
    [101/400] 0428c618-27f5-4d94-99e6-b254585aba69_103.json -> OK (0.21s, 10310 bytes, format=json)
    [102/400] 0428c618-27f5-4d94-99e6-b254585aba69_104.json -> OK (0.20s, 8817 bytes, format=json)
    [103/400] 042b35f3-afa6-4441-92b2-ef41976b48a3_1.json -> OK (0.20s, 7085 bytes, format=json)
    [104/400] 043d80a3-c49e-43ef-9c72-1088f0c7b278_206.json -> OK (0.20s, 9002 bytes, format=json)
    [105/400] 043d80a3-c49e-43ef-9c72-1088f0c7b278_207.json -> OK (0.19s, 15793 bytes, format=json)
    [106/400] 043d80a3-c49e-43ef-9c72-1088f0c7b278_208.json -> OK (0.19s, 15820 bytes, format=json)
    [107/400] 04443c0e-9f23-4b61-996b-d8d6b0263bd2_1.json -> OK (0.23s, 12480 bytes, format=json)
    [108/400] 0471a12b-c740-4a72-91f0-12bf95014d3c_1.json -> OK (0.26s, 105822 bytes, format=json)
    [109/400] 04c5a96f-19c5-44fd-9571-a0b033f9086f_107.json -> OK (0.18s, 9144 bytes, format=json)
    [110/400] 04c5a96f-19c5-44fd-9571-a0b033f9086f_108.json -> OK (0.23s, 9165 bytes, format=json)
    [111/400] 04c5a96f-19c5-44fd-9571-a0b033f9086f_109.json -> OK (0.21s, 9210 bytes, format=json)
    [112/400] 04e65517-16e9-4fc4-b7f1-94dc21ecea0d_4.json -> OK (0.19s, 5856 bytes, format=json)
    [113/400] 04e65517-16e9-4fc4-b7f1-94dc21ecea0d_5.json -> OK (0.21s, 6429 bytes, format=json)
    [114/400] 04e65517-16e9-4fc4-b7f1-94dc21ecea0d_6.json -> OK (0.19s, 5870 bytes, format=json)
    [115/400] 053a0387-f3b5-4ba5-8245-8002cca2bd08_218.json -> OK (0.22s, 10256 bytes, format=json)
    [116/400] 053a0387-f3b5-4ba5-8245-8002cca2bd08_219.json -> OK (0.23s, 18094 bytes, format=json)
    [117/400] 053a0387-f3b5-4ba5-8245-8002cca2bd08_220.json -> OK (0.23s, 18082 bytes, format=json)
    [118/400] 054853f3-2ce0-41f3-a6eb-4a4867f39cdc_1.json -> OK (0.23s, 3995 bytes, format=json)
    [119/400] 054853f3-2ce0-41f3-a6eb-4a4867f39cdc_2.json -> OK (0.23s, 3986 bytes, format=json)
    [120/400] 054853f3-2ce0-41f3-a6eb-4a4867f39cdc_4.json -> OK (0.19s, 4475 bytes, format=json)
    [121/400] 054db96b-fd34-43b3-9af2-587b3bd33964_12.json -> OK (0.24s, 11743 bytes, format=json)
    [122/400] 054db96b-fd34-43b3-9af2-587b3bd33964_13.json -> OK (0.32s, 12959 bytes, format=json)
    [123/400] 054db96b-fd34-43b3-9af2-587b3bd33964_14.json -> OK (0.21s, 13004 bytes, format=json)
    [124/400] 0564fb9d-90b9-4234-a411-82a546dc1343_218.json -> OK (0.24s, 3962 bytes, format=json)
    [125/400] 0564fb9d-90b9-4234-a411-82a546dc1343_219.json -> OK (0.19s, 4828 bytes, format=json)
    [126/400] 0564fb9d-90b9-4234-a411-82a546dc1343_220.json -> OK (0.19s, 8668 bytes, format=json)
    [127/400] 05a50000-9886-4695-ad33-3f990dc142e2_2.json -> OK (0.34s, 9605 bytes, format=json)
    [128/400] 05a50000-9886-4695-ad33-3f990dc142e2_3.json -> OK (0.18s, 9590 bytes, format=json)
    [129/400] 05a50000-9886-4695-ad33-3f990dc142e2_4.json -> OK (0.18s, 9392 bytes, format=json)
    [130/400] 05ac190c-5d02-4b81-bb57-221d33479570_1.json -> OK (0.18s, 6447 bytes, format=json)
    [131/400] 05b358de-aa6d-4f6c-89e6-78f74018b43b_313.json -> OK (0.21s, 8809 bytes, format=json)
    [132/400] 05b358de-aa6d-4f6c-89e6-78f74018b43b_314.json -> OK (0.23s, 18996 bytes, format=json)
    [133/400] 05b358de-aa6d-4f6c-89e6-78f74018b43b_315.json -> OK (0.20s, 19067 bytes, format=json)
    [134/400] 05cad2fb-200c-407f-b472-02ea8c9e5e4a_10.json -> OK (0.20s, 10535 bytes, format=json)
    [135/400] 05cad2fb-200c-407f-b472-02ea8c9e5e4a_11.json -> OK (0.24s, 10564 bytes, format=json)
    [136/400] 05cad2fb-200c-407f-b472-02ea8c9e5e4a_9.json -> OK (0.20s, 10512 bytes, format=json)
    [137/400] 05e5a668-7b51-4a67-93ab-e9af405c9ef3_112.json -> OK (0.25s, 10436 bytes, format=json)
    [138/400] 05e5a668-7b51-4a67-93ab-e9af405c9ef3_113.json -> OK (0.22s, 11310 bytes, format=json)
    [139/400] 05e5a668-7b51-4a67-93ab-e9af405c9ef3_114.json -> OK (0.21s, 11642 bytes, format=json)
    [140/400] 05f2b649-dc03-4e9a-8c4e-6762469e8249_3.json -> OK (0.18s, 9606 bytes, format=json)
    [141/400] 05f2b649-dc03-4e9a-8c4e-6762469e8249_4.json -> OK (0.23s, 9810 bytes, format=json)
    [142/400] 05f2b649-dc03-4e9a-8c4e-6762469e8249_5.json -> OK (0.28s, 9880 bytes, format=json)
    [143/400] 0635c542-1b96-4335-9b47-126582d2c19a_215.json -> OK (0.24s, 7190 bytes, format=json)
    [144/400] 0635c542-1b96-4335-9b47-126582d2c19a_216.json -> OK (0.18s, 7190 bytes, format=json)
    [145/400] 0635c542-1b96-4335-9b47-126582d2c19a_217.json -> OK (0.19s, 7752 bytes, format=json)
    [146/400] 064a2e08-25da-11f0-b1f1-f661ea17fbcd_4.json -> OK (0.21s, 11723 bytes, format=json)
    [147/400] 064a2e08-25da-11f0-b1f1-f661ea17fbcd_5.json -> OK (0.19s, 11744 bytes, format=json)
    [148/400] 064a2e08-25da-11f0-b1f1-f661ea17fbcd_6.json -> OK (0.23s, 11829 bytes, format=json)
    [149/400] 06568a02-af29-4f20-929c-f3af281e41aa_112.json -> OK (0.20s, 3487 bytes, format=json)
    [150/400] 06568a02-af29-4f20-929c-f3af281e41aa_113.json -> OK (0.18s, 3486 bytes, format=json)
    [151/400] 06568a02-af29-4f20-929c-f3af281e41aa_114.json -> OK (0.17s, 3716 bytes, format=json)
    [152/400] 0678bc9c-b71a-433b-87e6-2f664b6b3131_109.json -> OK (0.19s, 8914 bytes, format=json)
    [153/400] 0678bc9c-b71a-433b-87e6-2f664b6b3131_110.json -> OK (0.17s, 8950 bytes, format=json)
    [154/400] 0678bc9c-b71a-433b-87e6-2f664b6b3131_111.json -> OK (0.17s, 8993 bytes, format=json)
    [155/400] 06a7a03c-c735-47a6-a313-51c354aef6c3_213.json -> OK (0.19s, 6857 bytes, format=json)
    [156/400] 06a7a03c-c735-47a6-a313-51c354aef6c3_214.json -> OK (0.20s, 6848 bytes, format=json)
    [157/400] 06a7a03c-c735-47a6-a313-51c354aef6c3_215.json -> OK (0.18s, 7679 bytes, format=json)
    [158/400] 06d555e4-c8ce-4d90-90e1-ec7f66df5a6a_106.json -> OK (0.23s, 12611 bytes, format=json)
    [159/400] 06d555e4-c8ce-4d90-90e1-ec7f66df5a6a_107.json -> OK (0.20s, 13176 bytes, format=json)
    [160/400] 06d555e4-c8ce-4d90-90e1-ec7f66df5a6a_108.json -> OK (0.27s, 12803 bytes, format=json)
    [161/400] 06dceabf-adca-48af-ac79-ffdf4c3b1e9a_219.json -> OK (0.19s, 9911 bytes, format=json)
    [162/400] 06dceabf-adca-48af-ac79-ffdf4c3b1e9a_220.json -> OK (0.20s, 10679 bytes, format=json)
    [163/400] 06dceabf-adca-48af-ac79-ffdf4c3b1e9a_221.json -> OK (0.19s, 10357 bytes, format=json)
    [164/400] 06f3a26c-ea35-11ee-a417-f661ea17fbce_3.json -> OK (0.22s, 10817 bytes, format=json)
    [165/400] 06f3a26c-ea35-11ee-a417-f661ea17fbce_4.json -> OK (0.20s, 10817 bytes, format=json)
    [166/400] 06f3a26c-ea35-11ee-a417-f661ea17fbce_5.json -> OK (0.21s, 10802 bytes, format=json)
    [167/400] 074464f9-f30d-4029-8c03-0ed237fffec7_317.json -> OK (0.20s, 7661 bytes, format=json)
    [168/400] 074464f9-f30d-4029-8c03-0ed237fffec7_318.json -> OK (0.21s, 8486 bytes, format=json)
    [169/400] 074464f9-f30d-4029-8c03-0ed237fffec7_319.json -> OK (0.21s, 8430 bytes, format=json)
    [170/400] 07639887-da3a-4fbf-9532-8ce748ff8c50_209.json -> OK (0.19s, 6720 bytes, format=json)
    [171/400] 07639887-da3a-4fbf-9532-8ce748ff8c50_210.json -> OK (0.22s, 6741 bytes, format=json)
    [172/400] 07639887-da3a-4fbf-9532-8ce748ff8c50_211.json -> OK (0.23s, 6415 bytes, format=json)
    [173/400] 0787daa6-f8c5-453b-a4ec-048037f6c1cd_7.json -> OK (0.20s, 5147 bytes, format=json)
    [174/400] 0787daa6-f8c5-453b-a4ec-048037f6c1cd_8.json -> OK (0.19s, 5148 bytes, format=json)
    [175/400] 0787daa6-f8c5-453b-a4ec-048037f6c1cd_9.json -> OK (0.22s, 5149 bytes, format=json)
    [176/400] 07b1ef73-1fde-4a49-a34a-5dd40011b076_320.json -> OK (0.23s, 10952 bytes, format=json)
    [177/400] 07b1ef73-1fde-4a49-a34a-5dd40011b076_321.json -> OK (0.22s, 11691 bytes, format=json)
    [178/400] 07b1ef73-1fde-4a49-a34a-5dd40011b076_322.json -> OK (0.22s, 12663 bytes, format=json)
    [179/400] 07b5f85a-240f-11ed-b3d9-f661ea17fbce_110.json -> OK (0.20s, 8910 bytes, format=json)
    [180/400] 07b5f85a-240f-11ed-b3d9-f661ea17fbce_111.json -> OK (0.22s, 8931 bytes, format=json)
    [181/400] 07b5f85a-240f-11ed-b3d9-f661ea17fbce_112.json -> OK (0.27s, 10111 bytes, format=json)
    [182/400] 07cd35a6-c267-4394-a782-6a9428aea9d3_1.json -> OK (0.17s, 7709 bytes, format=json)
    [183/400] 080bc66a-5d56-4d1f-8071-817671716db9_112.json -> OK (0.19s, 10379 bytes, format=json)
    [184/400] 080bc66a-5d56-4d1f-8071-817671716db9_113.json -> OK (0.26s, 12274 bytes, format=json)
    [185/400] 080bc66a-5d56-4d1f-8071-817671716db9_114.json -> OK (0.20s, 12318 bytes, format=json)
    [186/400] 082e3f8c-6f80-485c-91eb-5b112cb79b28_111.json -> OK (0.25s, 10295 bytes, format=json)
    [187/400] 082e3f8c-6f80-485c-91eb-5b112cb79b28_112.json -> OK (0.26s, 11424 bytes, format=json)
    [188/400] 082e3f8c-6f80-485c-91eb-5b112cb79b28_113.json -> OK (0.23s, 11458 bytes, format=json)
    [189/400] 083383af-b9a4-42b7-a463-29c40efe7797_10.json -> OK (0.23s, 16916 bytes, format=json)
    [190/400] 083383af-b9a4-42b7-a463-29c40efe7797_11.json -> OK (0.20s, 20884 bytes, format=json)
    [191/400] 083383af-b9a4-42b7-a463-29c40efe7797_12.json -> OK (0.20s, 20902 bytes, format=json)
    [192/400] 083fa162-e790-4d85-9aeb-4fea04188adb_110.json -> OK (0.20s, 10260 bytes, format=json)
    [193/400] 083fa162-e790-4d85-9aeb-4fea04188adb_111.json -> OK (0.23s, 10523 bytes, format=json)
    [194/400] 083fa162-e790-4d85-9aeb-4fea04188adb_112.json -> OK (0.21s, 10508 bytes, format=json)
    [195/400] 0859355c-0f08-4b43-8ff5-7d2a4789fc08_212.json -> OK (0.27s, 8260 bytes, format=json)
    [196/400] 0859355c-0f08-4b43-8ff5-7d2a4789fc08_213.json -> OK (0.27s, 8242 bytes, format=json)
    [197/400] 0859355c-0f08-4b43-8ff5-7d2a4789fc08_214.json -> OK (0.20s, 8928 bytes, format=json)
    [198/400] 0871a5d8-6b5f-4a12-a568-fd7bc05bd8db_3.json -> OK (0.20s, 8543 bytes, format=json)
    [199/400] 0871a5d8-6b5f-4a12-a568-fd7bc05bd8db_4.json -> OK (0.24s, 9727 bytes, format=json)
    [200/400] 0871a5d8-6b5f-4a12-a568-fd7bc05bd8db_5.json -> OK (0.23s, 9991 bytes, format=json)
    [201/400] 08933236-b27a-49f6-b04a-a616983f04b9_1.json -> OK (0.20s, 8377 bytes, format=json)
    [202/400] 08933236-b27a-49f6-b04a-a616983f04b9_2.json -> OK (0.20s, 8470 bytes, format=json)
    [203/400] 08933236-b27a-49f6-b04a-a616983f04b9_3.json -> OK (0.19s, 6446 bytes, format=json)
    [204/400] 089db1af-740d-4d84-9a5b-babd6de143b0_6.json -> OK (0.20s, 5882 bytes, format=json)
    [205/400] 089db1af-740d-4d84-9a5b-babd6de143b0_7.json -> OK (0.21s, 5882 bytes, format=json)
    [206/400] 089db1af-740d-4d84-9a5b-babd6de143b0_8.json -> OK (0.20s, 6112 bytes, format=json)
    [207/400] 08be5599-3719-4bbd-8cbc-7e9cff556881_104.json -> OK (0.19s, 8468 bytes, format=json)
    [208/400] 08be5599-3719-4bbd-8cbc-7e9cff556881_105.json -> OK (0.19s, 8509 bytes, format=json)
    [209/400] 08be5599-3719-4bbd-8cbc-7e9cff556881_106.json -> OK (0.20s, 8228 bytes, format=json)
    [210/400] 08d5d7e2-740f-44d8-aeda-e41f4263efaf_101.json -> OK (0.20s, 280 bytes, format=json)
    [211/400] 09073bf4-a8ea-4bce-9fd5-2bb56b4d31f4_1.json -> OK (0.25s, 10773 bytes, format=json)
    [212/400] 09073bf4-a8ea-4bce-9fd5-2bb56b4d31f4_2.json -> OK (0.24s, 10986 bytes, format=json)
    [213/400] 09073bf4-a8ea-4bce-9fd5-2bb56b4d31f4_3.json -> OK (0.22s, 11014 bytes, format=json)
    [214/400] 092b068f-84ac-485d-8a55-7dd9e006715f_112.json -> OK (0.23s, 10057 bytes, format=json)
    [215/400] 092b068f-84ac-485d-8a55-7dd9e006715f_113.json -> OK (0.21s, 10320 bytes, format=json)
    [216/400] 092b068f-84ac-485d-8a55-7dd9e006715f_114.json -> OK (0.21s, 10305 bytes, format=json)
    [217/400] 09443c92-46b3-45a4-8f25-383b028b258d_115.json -> OK (0.20s, 498 bytes, format=json)
    [218/400] 095b6a58-8f88-4b59-827c-ab584ad4e759_204.json -> OK (0.25s, 2110 bytes, format=json)
    [219/400] 095b6a58-8f88-4b59-827c-ab584ad4e759_205.json -> OK (0.18s, 2110 bytes, format=json)
    [220/400] 095b6a58-8f88-4b59-827c-ab584ad4e759_206.json -> OK (0.19s, 2111 bytes, format=json)
    [221/400] 0968cfbd-40f0-4b1c-b7b1-a60736c7b241_101.json -> OK (0.20s, 300 bytes, format=json)
    [222/400] 097ef0b8-fb21-4e45-ad89-d81666349c6a_104.json -> OK (0.23s, 8249 bytes, format=json)
    [223/400] 097ef0b8-fb21-4e45-ad89-d81666349c6a_105.json -> OK (0.23s, 7968 bytes, format=json)
    [224/400] 097ef0b8-fb21-4e45-ad89-d81666349c6a_4.json -> OK (0.19s, 8239 bytes, format=json)
    [225/400] 098bd5cc-fd55-438f-b354-7d6cd9856a08_2.json -> OK (0.20s, 9176 bytes, format=json)
    [226/400] 098bd5cc-fd55-438f-b354-7d6cd9856a08_3.json -> OK (0.21s, 9737 bytes, format=json)
    [227/400] 098bd5cc-fd55-438f-b354-7d6cd9856a08_4.json -> OK (0.28s, 8398 bytes, format=json)
    [228/400] 09bc6c90-7501-494d-b015-5d988dc3f233_10.json -> OK (0.23s, 11042 bytes, format=json)
    [229/400] 09bc6c90-7501-494d-b015-5d988dc3f233_11.json -> OK (0.47s, 12475 bytes, format=json)
    [230/400] 09bc6c90-7501-494d-b015-5d988dc3f233_12.json -> OK (0.35s, 12542 bytes, format=json)
    [231/400] 09d028a5-dcde-409f-8ae0-557cef1b7082_107.json -> OK (0.20s, 7443 bytes, format=json)
    [232/400] 09d028a5-dcde-409f-8ae0-557cef1b7082_108.json -> OK (0.19s, 7464 bytes, format=json)
    [233/400] 09d028a5-dcde-409f-8ae0-557cef1b7082_109.json -> OK (0.21s, 7461 bytes, format=json)
    [234/400] 0a97b20f-4144-49ea-be32-b540ecc445de_103.json -> OK (0.19s, 2753 bytes, format=json)
    [235/400] 0a97b20f-4144-49ea-be32-b540ecc445de_104.json -> OK (0.18s, 6659 bytes, format=json)
    [236/400] 0a97b20f-4144-49ea-be32-b540ecc445de_105.json -> OK (0.18s, 5974 bytes, format=json)
    [237/400] 0ab319ef-92b8-4c7f-989b-5de93c852e93_10.json -> OK (0.22s, 8489 bytes, format=json)
    [238/400] 0ab319ef-92b8-4c7f-989b-5de93c852e93_8.json -> OK (0.20s, 8613 bytes, format=json)
    [239/400] 0ab319ef-92b8-4c7f-989b-5de93c852e93_9.json -> OK (0.21s, 8844 bytes, format=json)
    [240/400] 0abf0c5b-62dd-48d2-ac4e-6b43fe3a6e83_211.json -> OK (0.19s, 6761 bytes, format=json)
    [241/400] 0abf0c5b-62dd-48d2-ac4e-6b43fe3a6e83_212.json -> OK (0.22s, 6453 bytes, format=json)
    [242/400] 0abf0c5b-62dd-48d2-ac4e-6b43fe3a6e83_213.json -> OK (0.18s, 6690 bytes, format=json)
    [243/400] 0b15bcad-aff1-4250-a5be-5d1b7eb56d07_10.json -> OK (0.21s, 12745 bytes, format=json)
    [244/400] 0b15bcad-aff1-4250-a5be-5d1b7eb56d07_11.json -> OK (0.23s, 13085 bytes, format=json)
    [245/400] 0b15bcad-aff1-4250-a5be-5d1b7eb56d07_9.json -> OK (0.20s, 12504 bytes, format=json)
    [246/400] 0b29cab4-dbbd-4a3f-9e8e-1287c7c11ae5_312.json -> OK (0.24s, 14381 bytes, format=json)
    [247/400] 0b29cab4-dbbd-4a3f-9e8e-1287c7c11ae5_313.json -> OK (0.20s, 14416 bytes, format=json)
    [248/400] 0b29cab4-dbbd-4a3f-9e8e-1287c7c11ae5_314.json -> OK (0.21s, 14515 bytes, format=json)
    [249/400] 0b2f3da5-b5ec-47d1-908b-6ebb74814289_220.json -> OK (0.23s, 8788 bytes, format=json)
    [250/400] 0b2f3da5-b5ec-47d1-908b-6ebb74814289_221.json -> OK (0.22s, 8131 bytes, format=json)
    [251/400] 0b2f3da5-b5ec-47d1-908b-6ebb74814289_222.json -> OK (0.20s, 8168 bytes, format=json)
    [252/400] 0b76ad27-c3f3-4769-9e7e-3237137fdf06_5.json -> OK (0.19s, 10394 bytes, format=json)
    [253/400] 0b76ad27-c3f3-4769-9e7e-3237137fdf06_6.json -> OK (0.21s, 11279 bytes, format=json)
    [254/400] 0b76ad27-c3f3-4769-9e7e-3237137fdf06_7.json -> OK (0.25s, 11313 bytes, format=json)
    [255/400] 0b79f5c0-2c31-4fea-86cd-e62644278205_6.json -> OK (0.19s, 7346 bytes, format=json)
    [256/400] 0b79f5c0-2c31-4fea-86cd-e62644278205_7.json -> OK (0.19s, 7367 bytes, format=json)
    [257/400] 0b79f5c0-2c31-4fea-86cd-e62644278205_8.json -> OK (0.21s, 7406 bytes, format=json)
    [258/400] 0b7dbb27-29f8-4219-bcf1-7b82c6dd0bdc_2.json -> OK (0.18s, 9312 bytes, format=json)
    [259/400] 0b803267-74c5-444d-ae29-32b5db2d562a_111.json -> OK (0.30s, 11694 bytes, format=json)
    [260/400] 0b803267-74c5-444d-ae29-32b5db2d562a_112.json -> OK (0.21s, 11971 bytes, format=json)
    [261/400] 0b803267-74c5-444d-ae29-32b5db2d562a_113.json -> OK (0.24s, 12537 bytes, format=json)
    [262/400] 0b96dfd8-5b8c-4485-9a1c-69ff7839786a_110.json -> OK (0.20s, 8887 bytes, format=json)
    [263/400] 0b96dfd8-5b8c-4485-9a1c-69ff7839786a_111.json -> OK (0.20s, 8869 bytes, format=json)
    [264/400] 0b96dfd8-5b8c-4485-9a1c-69ff7839786a_112.json -> OK (0.21s, 9700 bytes, format=json)
    [265/400] 0bca7e73-e1b5-4fb2-801b-9b5f5be20dfe_5.json -> OK (0.25s, 10923 bytes, format=json)
    [266/400] 0bca7e73-e1b5-4fb2-801b-9b5f5be20dfe_6.json -> OK (0.21s, 10923 bytes, format=json)
    [267/400] 0bca7e73-e1b5-4fb2-801b-9b5f5be20dfe_7.json -> OK (0.21s, 8800 bytes, format=json)
    [268/400] 0c04d82f-6def-4659-aa62-ed6355a51f39_1.json -> OK (0.19s, 4240 bytes, format=json)
    [269/400] 0c093569-dff9-42b6-87b1-0242d9f7d9b4_4.json -> OK (0.23s, 3057 bytes, format=json)
    [270/400] 0c093569-dff9-42b6-87b1-0242d9f7d9b4_5.json -> OK (0.19s, 7057 bytes, format=json)
    [271/400] 0c093569-dff9-42b6-87b1-0242d9f7d9b4_6.json -> OK (0.22s, 7043 bytes, format=json)
    [272/400] 0c1e8fda-4f09-451e-bc77-a192b6cbfc32_106.json -> OK (0.22s, 12453 bytes, format=json)
    [273/400] 0c1e8fda-4f09-451e-bc77-a192b6cbfc32_107.json -> OK (0.21s, 12962 bytes, format=json)
    [274/400] 0c1e8fda-4f09-451e-bc77-a192b6cbfc32_108.json -> OK (0.21s, 12949 bytes, format=json)
    [275/400] 0c3c80de-08c2-11f0-bd11-f661ea17fbcc_10.json -> OK (0.24s, 10717 bytes, format=json)
    [276/400] 0c3c80de-08c2-11f0-bd11-f661ea17fbcc_7.json -> OK (0.19s, 9504 bytes, format=json)
    [277/400] 0c3c80de-08c2-11f0-bd11-f661ea17fbcc_8.json -> OK (0.26s, 9525 bytes, format=json)
    [278/400] 0c41e478-5263-4c69-8f9e-7dfd2c22da64_7.json -> OK (0.19s, 11306 bytes, format=json)
    [279/400] 0c41e478-5263-4c69-8f9e-7dfd2c22da64_8.json -> OK (0.20s, 11354 bytes, format=json)
    [280/400] 0c41e478-5263-4c69-8f9e-7dfd2c22da64_9.json -> OK (0.21s, 11350 bytes, format=json)
    [281/400] 0c74cd7e-ea35-11ee-a417-f661ea17fbce_3.json -> OK (0.20s, 11275 bytes, format=json)
    [282/400] 0c74cd7e-ea35-11ee-a417-f661ea17fbce_4.json -> OK (0.23s, 10568 bytes, format=json)
    [283/400] 0c74cd7e-ea35-11ee-a417-f661ea17fbce_5.json -> OK (0.30s, 10569 bytes, format=json)
    [284/400] 0c7ca5c2-728d-4ad9-b1c5-bbba83ecb1f4_314.json -> OK (0.19s, 6311 bytes, format=json)
    [285/400] 0c7ca5c2-728d-4ad9-b1c5-bbba83ecb1f4_315.json -> OK (0.21s, 6302 bytes, format=json)
    [286/400] 0c7ca5c2-728d-4ad9-b1c5-bbba83ecb1f4_316.json -> OK (0.19s, 7133 bytes, format=json)
    [287/400] 0c9a14d9-d65d-486f-9b5b-91e4e6b22bd0_205.json -> OK (0.23s, 283 bytes, format=json)
    [288/400] 0cbbb5e0-f93a-47fe-ab72-8213366c38f1_104.json -> OK (0.23s, 8187 bytes, format=json)
    [289/400] 0cbbb5e0-f93a-47fe-ab72-8213366c38f1_105.json -> OK (0.22s, 8213 bytes, format=json)
    [290/400] 0cbbb5e0-f93a-47fe-ab72-8213366c38f1_106.json -> OK (0.23s, 8302 bytes, format=json)
    [291/400] 0cd2f3e6-41da-40e6-b28b-466f688f00a6_6.json -> OK (0.19s, 5229 bytes, format=json)
    [292/400] 0cd2f3e6-41da-40e6-b28b-466f688f00a6_7.json -> OK (0.19s, 5968 bytes, format=json)
    [293/400] 0cd2f3e6-41da-40e6-b28b-466f688f00a6_8.json -> OK (0.25s, 5827 bytes, format=json)
    [294/400] 0ce6487d-8069-4888-9ddd-61b52490cebc_213.json -> OK (0.19s, 9177 bytes, format=json)
    [295/400] 0ce6487d-8069-4888-9ddd-61b52490cebc_214.json -> OK (0.23s, 9198 bytes, format=json)
    [296/400] 0ce6487d-8069-4888-9ddd-61b52490cebc_215.json -> OK (0.24s, 9243 bytes, format=json)
    [297/400] 0d160033-fab7-4e72-85a3-3a9d80c8bff7_7.json -> OK (0.19s, 8771 bytes, format=json)
    [298/400] 0d160033-fab7-4e72-85a3-3a9d80c8bff7_8.json -> OK (0.20s, 8807 bytes, format=json)
    [299/400] 0d160033-fab7-4e72-85a3-3a9d80c8bff7_9.json -> OK (0.19s, 6999 bytes, format=json)
    [300/400] 0d3d2254-2b4a-11f0-a019-f661ea17fbcc_10.json -> OK (0.22s, 14920 bytes, format=json)
    [301/400] 0d3d2254-2b4a-11f0-a019-f661ea17fbcc_11.json -> OK (0.23s, 14896 bytes, format=json)
    [302/400] 0d3d2254-2b4a-11f0-a019-f661ea17fbcc_12.json -> OK (0.21s, 14900 bytes, format=json)
    [303/400] 0d69150b-96f8-467c-a86d-a67a3378ce77_212.json -> OK (0.20s, 11112 bytes, format=json)
    [304/400] 0d69150b-96f8-467c-a86d-a67a3378ce77_213.json -> OK (0.22s, 11658 bytes, format=json)
    [305/400] 0d69150b-96f8-467c-a86d-a67a3378ce77_214.json -> OK (0.23s, 11692 bytes, format=json)
    [306/400] 0d8a33be-5595-400c-a677-c4474829ed55_1.json -> OK (0.22s, 6064 bytes, format=json)
    [307/400] 0d8ad79f-9025-45d8-80c1-4f0cd3c5e8e5_114.json -> OK (0.20s, 9756 bytes, format=json)
    [308/400] 0d8ad79f-9025-45d8-80c1-4f0cd3c5e8e5_115.json -> OK (0.20s, 15433 bytes, format=json)
    [309/400] 0d8ad79f-9025-45d8-80c1-4f0cd3c5e8e5_116.json -> OK (0.20s, 15472 bytes, format=json)
    [310/400] 0d92d30a-5f3e-4b71-bc3d-4a0c4914b7e0_207.json -> OK (0.24s, 17994 bytes, format=json)
    [311/400] 0d92d30a-5f3e-4b71-bc3d-4a0c4914b7e0_208.json -> OK (0.23s, 14380 bytes, format=json)
    [312/400] 0d92d30a-5f3e-4b71-bc3d-4a0c4914b7e0_209.json -> OK (0.21s, 14404 bytes, format=json)
    [313/400] 0dd84246-a723-49ba-9f4e-a1e1dfa15990_1.json -> OK (0.25s, 7357 bytes, format=json)
    [314/400] 0e1af929-42ed-4262-a846-55a7c54e7c84_3.json -> OK (0.18s, 5104 bytes, format=json)
    [315/400] 0e1af929-42ed-4262-a846-55a7c54e7c84_4.json -> OK (0.20s, 5616 bytes, format=json)
    [316/400] 0e1af929-42ed-4262-a846-55a7c54e7c84_5.json -> OK (0.24s, 5456 bytes, format=json)
    [317/400] 0e42f920-047d-4568-b961-2a50db6c4713_2.json -> OK (0.22s, 7807 bytes, format=json)
    [318/400] 0e42f920-047d-4568-b961-2a50db6c4713_3.json -> OK (0.21s, 8142 bytes, format=json)
    [319/400] 0e42f920-047d-4568-b961-2a50db6c4713_4.json -> OK (0.23s, 8405 bytes, format=json)
    [320/400] 0e4367a0-a483-439d-ad2e-d90500b925fd_207.json -> OK (0.21s, 3198 bytes, format=json)
    [321/400] 0e4367a0-a483-439d-ad2e-d90500b925fd_208.json -> OK (0.18s, 4107 bytes, format=json)
    [322/400] 0e4367a0-a483-439d-ad2e-d90500b925fd_209.json -> OK (0.23s, 4149 bytes, format=json)
    [323/400] 0e52157a-8e96-4a95-a6e3-5faae5081a74_212.json -> OK (0.21s, 8435 bytes, format=json)
    [324/400] 0e52157a-8e96-4a95-a6e3-5faae5081a74_213.json -> OK (0.20s, 8456 bytes, format=json)
    [325/400] 0e52157a-8e96-4a95-a6e3-5faae5081a74_214.json -> OK (0.25s, 8501 bytes, format=json)
    [326/400] 0e524fa6-eed3-11ef-82b4-f661ea17fbce_7.json -> OK (0.24s, 12544 bytes, format=json)
    [327/400] 0e524fa6-eed3-11ef-82b4-f661ea17fbce_8.json -> OK (0.20s, 13015 bytes, format=json)
    [328/400] 0e524fa6-eed3-11ef-82b4-f661ea17fbce_9.json -> OK (0.24s, 10269 bytes, format=json)
    [329/400] 0e5acaae-6a64-4bbc-adb8-27649c03f7e1_108.json -> OK (0.22s, 7717 bytes, format=json)
    [330/400] 0e5acaae-6a64-4bbc-adb8-27649c03f7e1_109.json -> OK (0.21s, 7738 bytes, format=json)
    [331/400] 0e5acaae-6a64-4bbc-adb8-27649c03f7e1_110.json -> OK (0.17s, 7740 bytes, format=json)
    [332/400] 0e67f4f1-f683-43c0-8d45-c3293cf31e5d_2.json -> OK (0.22s, 7483 bytes, format=json)
    [333/400] 0e67f4f1-f683-43c0-8d45-c3293cf31e5d_3.json -> OK (0.23s, 6088 bytes, format=json)
    [334/400] 0e67f4f1-f683-43c0-8d45-c3293cf31e5d_4.json -> OK (0.20s, 6055 bytes, format=json)
    [335/400] 0e79980b-4250-4a50-a509-69294c14e84b_215.json -> OK (0.23s, 10950 bytes, format=json)
    [336/400] 0e79980b-4250-4a50-a509-69294c14e84b_216.json -> OK (0.19s, 11173 bytes, format=json)
    [337/400] 0e79980b-4250-4a50-a509-69294c14e84b_217.json -> OK (0.20s, 11201 bytes, format=json)
    [338/400] 0ef5d3eb-67ef-43ab-93b7-305cfa5a21f6_106.json -> OK (0.30s, 298530 bytes, format=json)
    [339/400] 0ef5d3eb-67ef-43ab-93b7-305cfa5a21f6_107.json -> OK (0.30s, 406821 bytes, format=json)
    [340/400] 0ef5d3eb-67ef-43ab-93b7-305cfa5a21f6_108.json -> OK (0.31s, 408196 bytes, format=json)
    [341/400] 0f189343-dac7-4c1b-aca7-be8baa6bd02b_1.json -> OK (0.20s, 5566 bytes, format=json)
    [342/400] 0f189343-dac7-4c1b-aca7-be8baa6bd02b_3.json -> OK (0.19s, 5578 bytes, format=json)
    [343/400] 0f4d35e4-925e-4959-ab24-911be207ee6f_119.json -> OK (0.20s, 14080 bytes, format=json)
    [344/400] 0f4d35e4-925e-4959-ab24-911be207ee6f_120.json -> OK (0.19s, 14979 bytes, format=json)
    [345/400] 0f4d35e4-925e-4959-ab24-911be207ee6f_121.json -> OK (0.20s, 15024 bytes, format=json)
    [346/400] 0f54e947-9ab3-4dff-9e8d-fb42493eaa2f_106.json -> OK (0.22s, 10601 bytes, format=json)
    [347/400] 0f54e947-9ab3-4dff-9e8d-fb42493eaa2f_107.json -> OK (0.19s, 11391 bytes, format=json)
    [348/400] 0f54e947-9ab3-4dff-9e8d-fb42493eaa2f_108.json -> OK (0.23s, 11438 bytes, format=json)
    [349/400] 0f56369f-eb3d-459c-a00b-87c2bf7bdfc5_108.json -> OK (0.21s, 10066 bytes, format=json)
    [350/400] 0f56369f-eb3d-459c-a00b-87c2bf7bdfc5_109.json -> OK (0.20s, 10630 bytes, format=json)
    [351/400] 0f56369f-eb3d-459c-a00b-87c2bf7bdfc5_110.json -> OK (0.19s, 10676 bytes, format=json)
    [352/400] 0f5941c6-3db9-4d2f-91df-06c7c292ba45_1.json -> OK (0.22s, 7870 bytes, format=json)
    [353/400] 0f5d410c-a594-4cdb-8b48-f36a61838d67_1.json -> OK (0.21s, 8301 bytes, format=json)
    [354/400] 0f615fe4-eaa2-11ee-ae33-f661ea17fbce_3.json -> OK (0.24s, 9218 bytes, format=json)
    [355/400] 0f615fe4-eaa2-11ee-ae33-f661ea17fbce_4.json -> OK (0.26s, 8511 bytes, format=json)
    [356/400] 0f615fe4-eaa2-11ee-ae33-f661ea17fbce_5.json -> OK (0.22s, 8512 bytes, format=json)
    [357/400] 0f616aee-8161-4120-857e-742366f5eeb3_101.json -> OK (0.18s, 265 bytes, format=json)
    [358/400] 0f93cb9a-1931-48c2-8cd0-f173fd3e5283_312.json -> OK (0.19s, 7955 bytes, format=json)
    [359/400] 0f93cb9a-1931-48c2-8cd0-f173fd3e5283_313.json -> OK (0.18s, 7955 bytes, format=json)
    [360/400] 0f93cb9a-1931-48c2-8cd0-f173fd3e5283_314.json -> OK (0.23s, 13477 bytes, format=json)
    [361/400] 0fb25791-d8d4-42ab-8fc7-4954642de85f_1.json -> OK (0.27s, 11317 bytes, format=json)
    [362/400] 0fb25791-d8d4-42ab-8fc7-4954642de85f_2.json -> OK (0.22s, 11302 bytes, format=json)
    [363/400] 0fb25791-d8d4-42ab-8fc7-4954642de85f_3.json -> OK (0.20s, 12570 bytes, format=json)
    [364/400] 0fb83aa0-3d17-41e9-b09c-56397bf7a7d9_1.json -> OK (0.19s, 11659 bytes, format=json)
    [365/400] 0fb83aa0-3d17-41e9-b09c-56397bf7a7d9_2.json -> OK (0.25s, 12505 bytes, format=json)
    [366/400] 0fb83aa0-3d17-41e9-b09c-56397bf7a7d9_3.json -> OK (0.24s, 12490 bytes, format=json)
    [367/400] 0fc705f5-544e-4786-8acc-c73cd74e77cf_1.json -> OK (0.22s, 7539 bytes, format=json)
    [368/400] 0fe2290a-2664-4c9c-8263-b88904f12f0d_102.json -> OK (0.26s, 10784 bytes, format=json)
    [369/400] 0fe2290a-2664-4c9c-8263-b88904f12f0d_103.json -> OK (0.24s, 12225 bytes, format=json)
    [370/400] 0fe2290a-2664-4c9c-8263-b88904f12f0d_104.json -> OK (0.20s, 12304 bytes, format=json)
    [371/400] 0ff84c42-873d-41a2-a4ed-08d74d352d01_108.json -> OK (0.20s, 9050 bytes, format=json)
    [372/400] 0ff84c42-873d-41a2-a4ed-08d74d352d01_109.json -> OK (0.22s, 8938 bytes, format=json)
    [373/400] 0ff84c42-873d-41a2-a4ed-08d74d352d01_110.json -> OK (0.18s, 8939 bytes, format=json)
    [374/400] 0ffc3d78-44ce-4a55-b2be-98219e0eed05_1.json -> OK (0.19s, 9779 bytes, format=json)
    [375/400] 1004ad5b-6900-4d28-ab5b-472f02e1fdfb_1.json -> OK (0.23s, 8970 bytes, format=json)
    [376/400] 1004ad5b-6900-4d28-ab5b-472f02e1fdfb_2.json -> OK (0.19s, 9190 bytes, format=json)
    [377/400] 1004ad5b-6900-4d28-ab5b-472f02e1fdfb_3.json -> OK (0.24s, 9212 bytes, format=json)
    [378/400] 10445cf0-0748-11ef-ba75-f661ea17fbcc_3.json -> OK (0.18s, 3839 bytes, format=json)
    [379/400] 10445cf0-0748-11ef-ba75-f661ea17fbcc_4.json -> OK (0.17s, 3838 bytes, format=json)
    [380/400] 10445cf0-0748-11ef-ba75-f661ea17fbcc_5.json -> OK (0.23s, 4117 bytes, format=json)
    [381/400] 10754992-28c7-4472-be5b-f3770fd04f2d_101.json -> OK (0.18s, 290 bytes, format=json)
    [382/400] 10a500bb-a28f-418e-ba29-ca4c8d1a9f2f_210.json -> OK (0.19s, 9979 bytes, format=json)
    [383/400] 10a500bb-a28f-418e-ba29-ca4c8d1a9f2f_211.json -> OK (0.21s, 10752 bytes, format=json)
    [384/400] 10a500bb-a28f-418e-ba29-ca4c8d1a9f2f_212.json -> OK (0.24s, 10787 bytes, format=json)
    [385/400] 10b63b69-9f08-4767-b318-12208f97ad41_1.json -> OK (0.19s, 8475 bytes, format=json)
    [386/400] 10b63b69-9f08-4767-b318-12208f97ad41_2.json -> OK (0.20s, 8474 bytes, format=json)
    [387/400] 10f3d520-ea35-11ee-a417-f661ea17fbce_3.json -> OK (0.23s, 11261 bytes, format=json)
    [388/400] 10f3d520-ea35-11ee-a417-f661ea17fbce_4.json -> OK (0.28s, 10554 bytes, format=json)
    [389/400] 10f3d520-ea35-11ee-a417-f661ea17fbce_5.json -> OK (0.21s, 10555 bytes, format=json)
    [390/400] 11013227-0301-4a8c-b150-4db924484475_110.json -> OK (0.18s, 7963 bytes, format=json)
    [391/400] 11013227-0301-4a8c-b150-4db924484475_111.json -> OK (0.20s, 8503 bytes, format=json)
    [392/400] 11013227-0301-4a8c-b150-4db924484475_112.json -> OK (0.18s, 9286 bytes, format=json)
    [393/400] 1160dcdb-0a0a-4a79-91d8-9b84616edebd_218.json -> OK (0.19s, 11117 bytes, format=json)
    [394/400] 1160dcdb-0a0a-4a79-91d8-9b84616edebd_219.json -> OK (0.23s, 11868 bytes, format=json)
    [395/400] 1160dcdb-0a0a-4a79-91d8-9b84616edebd_220.json -> OK (0.23s, 11857 bytes, format=json)
    [396/400] 1178ae09-5aff-460a-9f2f-455cd0ac4d8e_317.json -> OK (0.20s, 10653 bytes, format=json)
    [397/400] 1178ae09-5aff-460a-9f2f-455cd0ac4d8e_318.json -> OK (0.21s, 11347 bytes, format=json)
    [398/400] 1178ae09-5aff-460a-9f2f-455cd0ac4d8e_319.json -> OK (0.20s, 11335 bytes, format=json)
    [399/400] 119c8877-8613-416d-a98a-96b6664ee73a5_101.json -> OK (0.25s, 267 bytes, format=json)
    [400/400] 119c8877-8613-416d-a98a-96b6664ee73a_212.json -> OK (0.24s, 10621 bytes, format=json)

==============================================================================
EXECUTION SUMMARY
==============================================================================
  Status:                SUCCESS
  Repository accessible: True
  Repository private:    False
  Default branch:        main
  Tree entries:          5733
  Files matched:         5733
  Listing truncated:     False
  Revalidation:          304 Not Modified
  Blobs fetched:         400 (4894584 bytes)

  File extensions observed:
      .json        400

  Detected content formats:
      json                         400

  ^ This is the answer to the largest open question in the research brief.

  Rate limit remaining:  5000 -> 5000 (consumed 0)

  Note: only the first 400 files were fetched (--max-pages). Raise it to
        sample more of the corpus.

------------------------------------------------------------------------------
Archive created: /workspace/research_results/elastic_security_advisories/temp/api-review/run6/k2.tar.gz
Please send this archive to the integration maintainers. It contains the
decoded advisory file previews that unblock the ingest pipeline design.
------------------------------------------------------------------------------
